// Jest Snapshot v1, https://goo.gl/fbAQLP

exports[`<AppList /> 1`] = `Object {}`;
