// Jest Snapshot v1, https://goo.gl/fbAQLP

exports[`<AppListItem /> 1`] = `Object {}`;
